// Jest Snapshot v1, https://goo.gl/fbAQLP

exports[`ImageUploadControl Should render image upload control 1`] = `ShallowWrapper {}`;
