// Jest Snapshot v1, https://goo.gl/fbAQLP

exports[`DividerControl Should render alignment control 1`] = `ShallowWrapper {}`;

exports[`ImageUploadControl Should render image upload control 1`] = `ShallowWrapper {}`;
