// Jest Snapshot v1, https://goo.gl/fbAQLP

exports[`DividerControl Should render alignment control 1`] = `ShallowWrapper {}`;
