// Jest Snapshot v1, https://goo.gl/fbAQLP

exports[`AlignmentControls Should render alignment control 1`] = `ShallowWrapper {}`;
