// Jest Snapshot v1, https://goo.gl/fbAQLP

exports[`BlockStyleControl Should render block style control 1`] = `ShallowWrapper {}`;
