// Jest Snapshot v1, https://goo.gl/fbAQLP

exports[`Editor Should render alignment control 1`] = `ShallowWrapper {}`;
